# serializer version: 1
# name: test_all_entities[media_player.cambridge_audio_cxnv2-entry]
  EntityRegistryEntrySnapshot({
    'aliases': set({
    }),
    'area_id': None,
    'capabilities': dict({
      'source_list': list([
        'Internet Radio',
        'USB Audio',
        'D2',
        'D1',
        'Media Library',
        'AirPlay',
        'Spotify',
        'Chromecast built-in',
        'Roon Ready',
        'TIDAL Connect',
      ]),
    }),
    'config_entry_id': <ANY>,
    'device_class': None,
    'device_id': <ANY>,
    'disabled_by': None,
    'domain': 'media_player',
    'entity_category': None,
    'entity_id': 'media_player.cambridge_audio_cxnv2',
    'has_entity_name': True,
    'hidden_by': None,
    'icon': None,
    'id': <ANY>,
    'labels': set({
    }),
    'name': None,
    'options': dict({
    }),
    'original_device_class': None,
    'original_icon': None,
    'original_name': None,
    'platform': 'cambridge_audio',
    'previous_unique_id': None,
    'supported_features': <MediaPlayerEntityFeature: 18865>,
    'translation_key': None,
    'unique_id': '0020c2d8',
    'unit_of_measurement': None,
  })
# ---
# name: test_all_entities[media_player.cambridge_audio_cxnv2-state]
  StateSnapshot({
    'attributes': ReadOnlyDict({
      'entity_picture': '/api/media_player_proxy/media_player.cambridge_audio_cxnv2',
      'friendly_name': 'Cambridge Audio CXNv2',
      'media_album_name': "Greatest Hits: God's Favorite Band",
      'media_artist': 'Green Day',
      'media_content_type': <MediaType.MUSIC: 'music'>,
      'media_duration': 232,
      'media_position': 179,
      'media_position_updated_at': 0,
      'media_title': 'Holiday',
      'source': 'AirPlay',
      'source_list': list([
        'Internet Radio',
        'USB Audio',
        'D2',
        'D1',
        'Media Library',
        'AirPlay',
        'Spotify',
        'Chromecast built-in',
        'Roon Ready',
        'TIDAL Connect',
      ]),
      'supported_features': <MediaPlayerEntityFeature: 18865>,
    }),
    'context': <ANY>,
    'entity_id': 'media_player.cambridge_audio_cxnv2',
    'last_changed': <ANY>,
    'last_reported': <ANY>,
    'last_updated': <ANY>,
    'state': 'playing',
  })
# ---
